// Jest Snapshot v1, https://goo.gl/fbAQLP

exports[`<MobileApp /> component render 1`] = `
<div>
  <div
    className="app"
  >
    <div
      className="box"
    >
      <div
        className="board"
      >
        <h1
          className="title"
        >
          2048
        </h1>
        <table
          className="board"
        >
          <tbody>
            <tr>
              <td>
                <div
                  className="cell"
                >
                  <div
                    className="number"
                  />
                </div>
              </td>
              <td>
                <div
                  className="cell"
                >
                  <div
                    className="number"
                  />
                </div>
              </td>
              <td>
                <div
                  className="cell"
                >
                  <div
                    className="number"
                  />
                </div>
              </td>
              <td>
                <div
                  className="cell"
                >
                  <div
                    className="number"
                  />
                </div>
              </td>
            </tr>
            <tr>
              <td>
                <div
                  className="cell"
                >
                  <div
                    className="number"
                  />
                </div>
              </td>
              <td>
                <div
                  className="cell"
                >
                  <div
                    className="number"
                  />
                </div>
              </td>
              <td>
                <div
                  className="cell"
                >
                  <div
                    className="number"
                  />
                </div>
              </td>
              <td>
                <div
                  className="cell color-4"
                >
                  <div
                    className="number"
                  >
                    4
                  </div>
                </div>
              </td>
            </tr>
            <tr>
              <td>
                <div
                  className="cell color-4"
                >
                  <div
                    className="number"
                  >
                    4
                  </div>
                </div>
              </td>
              <td>
                <div
                  className="cell"
                >
                  <div
                    className="number"
                  />
                </div>
              </td>
              <td>
                <div
                  className="cell"
                >
                  <div
                    className="number"
                  />
                </div>
              </td>
              <td>
                <div
                  className="cell"
                >
                  <div
                    className="number"
                  />
                </div>
              </td>
            </tr>
            <tr>
              <td>
                <div
                  className="cell"
                >
                  <div
                    className="number"
                  />
                </div>
              </td>
              <td>
                <div
                  className="cell"
                >
                  <div
                    className="number"
                  />
                </div>
              </td>
              <td>
                <div
                  className="cell"
                >
                  <div
                    className="number"
                  />
                </div>
              </td>
              <td>
                <div
                  className="cell"
                >
                  <div
                    className="number"
                  />
                </div>
              </td>
            </tr>
          </tbody>
        </table>
      </div>
      <div
        className="panel"
      >
        <div>
          <div
            className="index"
          >
            <p
              className="score"
            >
              SCORE
              <em
                className="text"
              >
                0
              </em>
            </p>
            <p
              className="score best"
            >
              BEST
              <em
                className="text"
              >
                0
              </em>
            </p>
          </div>
        </div>
        <div
          className="panel"
        >
          <div
            className="rowBtn"
          >
            <div
              className="btn"
            >
              <button
                className="btn-flat btn-md btn-default"
                onClick={[Function]}
              >
                <img
                  alt="speaker"
                  src="speaker-on.svg"
                />
              </button>
            </div>
            <div
              className="btn "
            >
              <button
                className="btn-flat btn-md btn-default"
                onClick={[Function]}
              >
                <img
                  alt="undo"
                  src="undo.svg"
                />
              </button>
            </div>
            <div
              className="btn "
            >
              <button
                className="btn-flat btn-md btn-default"
                onClick={[Function]}
              >
                <img
                  alt="reset"
                  src="reset.svg"
                />
              </button>
            </div>
          </div>
          <div
            className="btn "
          >
            <button
              className="btn-flat btn-md btn-primary"
              onClick={[Function]}
            >
              <img
                alt="arrow up"
                className="up"
                src="arrow.svg"
              />
            </button>
          </div>
          <div
            className="arrows"
          >
            <div
              className="btn "
            >
              <button
                className="btn-flat btn-md btn-primary"
                onClick={[Function]}
              >
                <img
                  alt="arrow left"
                  className="left"
                  src="arrow.svg"
                />
              </button>
            </div>
            <div
              className="btn "
            >
              <button
                className="btn-flat btn-md btn-primary"
                onClick={[Function]}
              >
                <img
                  alt="arrow down"
                  className="down"
                  src="arrow.svg"
                />
              </button>
            </div>
            <div
              className="btn "
            >
              <button
                className="btn-flat btn-md btn-primary"
                onClick={[Function]}
              >
                <img
                  alt="arrow right"
                  className="right"
                  src="arrow.svg"
                />
              </button>
            </div>
          </div>
        </div>
      </div>
    </div>
    <div
      className="tips"
    >
      <p
        className="title"
      >
        Tips
      </p>
      <p
        className="content"
      >
        Use keyboard arrow keys (or \`WASD\` if you like) control blocks;Click undo button to revert to last step status if you regrets
      </p>
    </div>
    <div
      className="footer"
    >
      <div
        className="footer"
      >
        <a
          className="icon"
          href="https://github.com/devrsi0n/React-2048-game"
        >
          <img
            alt="github repo"
            className="github"
            src="github.png"
          />
        </a>
        Build with
        <span
          className="heart"
        >
          â™¥
        </span>
        by
        <a
          className="link"
          href="https://github.com/devrsi0n"
        >
          devrsi0n
        </a>
      </div>
    </div>
    <div>
      <div
        className="hidden"
      >
        <div
          className="overlay"
        />
        <div
          className="modal center"
        >
          <div>
            <div
              className="gameover"
            >
              <div
                className="text"
              >
                 
                SCORE
                 
              </div>
              <div
                className="banner"
              >
                <p>
                  0
                </p>
              </div>
            </div>
            <div
              className="buttonWrapper"
            >
              <button
                className="button"
                onClick={[Function]}
              >
                <img
                  alt="reset"
                  src="reset.svg"
                />
              </button>
            </div>
          </div>
        </div>
      </div>
    </div>
  </div>
</div>
`;
