// Jest Snapshot v1, https://goo.gl/fbAQLP

exports[`<Ranking /> component render 1`] = `
<div>
  Working on it.
</div>
`;
