// Jest Snapshot v1, https://goo.gl/fbAQLP

exports[`<Firework /> component render 1`] = `
<div
  className="pyro"
>
  <div
    className="before"
  />
  <div
    className="after"
  />
</div>
`;
