// Jest Snapshot v1, https://goo.gl/fbAQLP

exports[`<Speaker /> component render 1`] = `
<button
  className="btn-flat btn-md btn-default"
  onClick={[Function]}
>
  <img
    alt="speaker controller"
    src="speaker-on.svg"
  />
</button>
`;
